◇ injected env (1) from .env.local // tip: ⌘ custom filepath { path: '/custom/path/.env' }
Fetching historical prices for 142 tickers...
Fetching AAPL...
Saved AAPL
Fetching MSFT...
Saved MSFT
Fetching GOOGL...
Saved GOOGL
Fetching NVDA...
Saved NVDA
Fetching META...
Rate limited for META. Waiting 5 seconds before retry 1/3...
Saved META
Fetching ORCL...
Saved ORCL
Fetching CRM...
Saved CRM
Fetching ADBE...
Saved ADBE
Fetching INTC...
Rate limited for INTC. Waiting 5 seconds before retry 1/3...
Saved INTC
Fetching AMD...
Saved AMD
Fetching CSCO...
Saved CSCO
Fetching IBM...
Saved IBM
Fetching QCOM...
Saved QCOM
Fetching TXN...
Rate limited for TXN. Waiting 5 seconds before retry 1/3...
Rate limited for TXN. Waiting 5 seconds before retry 2/3...
Rate limited for TXN. Waiting 5 seconds before retry 3/3...
Failed TXN: Error: HTTP 429 after 3 retries
    at fetchHistoricalPricesWithRetry (/Users/aryamangandhi/Workspace/cline-stock-market-game/scripts/fetch-historical.ts:149:15)
    at process.processTicksAndRejections (node:internal/process/task_queues:105:5)
    at async main (/Users/aryamangandhi/Workspace/cline-stock-market-game/scripts/fetch-historical.ts:201:22)
Fetching NOW...
Rate limited for NOW. Waiting 5 seconds before retry 1/3...
Saved NOW
Fetching INTU...
Saved INTU
Fetching AVGO...
Saved AVGO
Fetching PYPL...
Saved PYPL
Fetching JNJ...
Saved JNJ
Fetching UNH...
Saved UNH
Fetching PFE...
Failed PFE: TypeError: terminated
    at Fetch.onAborted (node:internal/deps/undici/undici:11132:53)
    at Fetch.emit (node:events:518:28)
    at Fetch.terminate (node:internal/deps/undici/undici:10290:14)
    at Object.onError (node:internal/deps/undici/undici:11253:38)
    at Request.onError (node:internal/deps/undici/undici:2094:31)
    at Object.errorRequest (node:internal/deps/undici/undici:1591:17)
    at TLSSocket.<anonymous> (node:internal/deps/undici/undici:6319:16)
    at TLSSocket.emit (node:events:530:35)
    at node:net:346:12
    at TCP.done (node:_tls_wrap:650:7) {
  [cause]: SocketError: other side closed
      at TLSSocket.<anonymous> (node:internal/deps/undici/undici:6294:28)
      at TLSSocket.emit (node:events:530:35)
      at endReadableNT (node:internal/streams/readable:1698:12)
      at process.processTicksAndRejections (node:internal/process/task_queues:90:21) {
    code: 'UND_ERR_SOCKET',
    socket: {
      localAddress: '192.168.86.228',
      localPort: 58979,
      remoteAddress: '104.26.12.157',
      remotePort: 443,
      remoteFamily: 'IPv4',
      timeout: undefined,
      bytesWritten: 2264,
      bytesRead: 57783
    }
  }
}
Fetching MRK...
Saved MRK
Fetching ABBV...
Saved ABBV
Fetching LLY...
Saved LLY
Fetching TMO...
Saved TMO
Fetching ABT...
Saved ABT
Fetching BMY...
Saved BMY
Fetching AMGN...
Saved AMGN
Fetching CVS...
Saved CVS
Fetching MDT...
Saved MDT
Fetching GILD...
Saved GILD
Fetching CI...
Saved CI
Fetching ISRG...
Saved ISRG
Fetching ZTS...
Saved ZTS
Fetching HCA...
Saved HCA
Fetching VRTX...
Saved VRTX
Fetching JPM...
Saved JPM
Fetching BAC...
Saved BAC
Fetching WFC...
Saved WFC
Fetching GS...
Saved GS
Fetching MS...
Saved MS
Fetching C...
Saved C
Fetching BLK...
Saved BLK
Fetching SCHW...
Saved SCHW
Fetching AXP...
Saved AXP
Fetching V...
Saved V
Fetching MA...
Saved MA
Fetching SPGI...
Saved SPGI
Fetching USB...
Saved USB
Fetching PNC...
Saved PNC
Fetching TFC...
Saved TFC
Fetching COF...
Saved COF
Fetching MET...
Saved MET
Fetching AIG...
Saved AIG
Fetching XOM...
Saved XOM
Fetching CVX...
Saved CVX
Fetching COP...
Saved COP
Fetching SLB...
Saved SLB
Fetching EOG...
Saved EOG
Fetching MPC...
Saved MPC
Fetching PSX...
Saved PSX
Fetching VLO...
Saved VLO
Fetching OXY...
Saved OXY
Fetching WMB...
Saved WMB
Fetching KMI...
Saved KMI
Fetching DVN...
Saved DVN
Fetching BKR...
Saved BKR
Fetching HAL...
Saved HAL
Fetching FANG...
Saved FANG
Fetching TRGP...
Saved TRGP
Fetching AMZN...
Saved AMZN
Fetching TSLA...
Saved TSLA
Fetching HD...
Saved HD
Fetching MCD...
Saved MCD
Fetching NKE...
Saved NKE
Fetching SBUX...
Saved SBUX
Fetching LOW...
Saved LOW
Fetching TJX...
Saved TJX
Fetching BKNG...
Saved BKNG
Fetching CMG...
Saved CMG
Fetching MAR...
Saved MAR
Fetching GM...
Saved GM
Fetching F...
Saved F
Fetching RCL...
Saved RCL
Fetching YUM...
Saved YUM
Fetching ROST...
Saved ROST
Fetching EBAY...
Saved EBAY
Fetching DHI...
Saved DHI
Fetching PG...
Saved PG
Fetching KO...
Saved KO
Fetching PEP...
Saved PEP
Fetching WMT...
Saved WMT
Fetching COST...
Saved COST
Fetching PM...
Saved PM
Fetching MO...
Saved MO
Fetching MDLZ...
Saved MDLZ
Fetching CL...
Saved CL
Fetching KMB...
Saved KMB
Fetching GIS...
Saved GIS
Fetching STZ...
Saved STZ
Fetching KDP...
Saved KDP
Fetching HSY...
Saved HSY
Fetching SYY...
Saved SYY
Fetching KR...
Saved KR
Fetching CLX...
Saved CLX
Fetching TGT...
Saved TGT
Fetching BA...
Saved BA
Fetching CAT...
Saved CAT
Fetching HON...
Saved HON
Fetching UPS...
Saved UPS
Fetching UNP...
Saved UNP
Fetching RTX...
Saved RTX
Fetching LMT...
Saved LMT
Fetching GE...
Saved GE
Fetching DE...
Saved DE
Fetching MMM...
Saved MMM
Fetching FDX...
Saved FDX
Fetching NOC...
Saved NOC
Fetching GD...
Saved GD
Fetching EMR...
Saved EMR
Fetching ETN...
Saved ETN
Fetching CSX...
Saved CSX
Fetching NSC...
Saved NSC
Fetching WM...
Saved WM
Fetching NEE...
Saved NEE
Fetching DUK...
Saved DUK
Fetching SO...
Saved SO
Fetching D...
Saved D
Fetching AEP...
Saved AEP
Fetching EXC...
Saved EXC
Fetching SRE...
Saved SRE
Fetching XEL...
Saved XEL
Fetching ED...
Saved ED
Fetching PEG...
Saved PEG
Fetching WEC...
Saved WEC
Fetching ES...
Saved ES
Fetching AWK...
Saved AWK
Fetching PPL...
Saved PPL
Fetching FE...
Saved FE
Fetching ETR...
Saved ETR
Fetching CMS...
Saved CMS
Fetching AEE...
Saved AEE
Done.
